gcc -I./include -Wall -O2  bin/futoshiki.o bin/queue.o bin/main.o bin/priority_queue.o bin/utils.o -o ./bin/main 
./bin/main 1
0.001s - 1)
4 3 1 2
3 2 4 1
1 4 2 3
2 1 3 4

0.000s - 2)
2 3 4 1
1 2 3 4
3 4 1 2
4 1 2 3

0.000s - 3)
3 2 4 1
1 4 3 2
4 1 2 3
2 3 1 4

0.000s - 4)
2 4 1 3
4 2 3 1
3 1 2 4
1 3 4 2

0.000s - 5)
2 1 4 3
1 4 3 2
4 3 2 1
3 2 1 4

0.000s - 6)
4 3 2 1
2 1 3 4
3 4 1 2
1 2 4 3

0.000s - 7)
3 2 4 1
2 4 1 3
4 1 3 2
1 3 2 4

0.000s - 8)
3 4 2 1
2 3 1 4
4 1 3 2
1 2 4 3

0.000s - 9)
2 3 4 1
3 1 2 4
4 2 1 3
1 4 3 2

0.000s - 10)
2 4 1 3
1 3 4 2
3 1 2 4
4 2 3 1

0.000s - 11)
1 2 3 4
4 3 2 1
3 1 4 2
2 4 1 3

0.000s - 12)
3 2 1 4
1 4 3 2
4 1 2 3
2 3 4 1

0.000s - 13)
4 1 2 3
2 3 4 1
3 4 1 2
1 2 3 4

0.000s - 14)
3 1 2 4
4 2 3 1
1 3 4 2
2 4 1 3

0.000s - 15)
1 2 3 4
2 3 4 1
4 1 2 3
3 4 1 2

0.000s - 16)
4 2 1 3
3 1 4 2
2 4 3 1
1 3 2 4

0.007s - 17)
1 3 5 4 2
3 2 1 5 4
4 1 3 2 5
2 5 4 3 1
5 4 2 1 3

0.024s - 18)
4 1 3 2 5
3 2 4 5 1
2 5 1 4 3
5 3 2 1 4
1 4 5 3 2

0.003s - 19)
1 5 4 3 2
5 4 3 2 1
2 3 1 4 5
3 2 5 1 4
4 1 2 5 3

0.000s - 20)
3 1 2 4 5
2 4 1 5 3
5 2 4 3 1
4 3 5 1 2
1 5 3 2 4

0.001s - 21)
1 2 4 5 3
2 3 5 1 4
3 5 1 4 2
5 4 3 2 1
4 1 2 3 5

0.003s - 22)
2 3 4 5 1
4 5 1 3 2
5 1 3 2 4
3 4 2 1 5
1 2 5 4 3

0.006s - 23)
1 4 2 5 3
2 1 3 4 5
5 3 1 2 4
4 2 5 3 1
3 5 4 1 2

0.000s - 24)
3 1 2 4 5
1 2 3 5 4
5 4 1 3 2
4 3 5 2 1
2 5 4 1 3

0.001s - 25)
1 2 4 3 5
4 1 3 5 2
2 5 1 4 3
3 4 5 2 1
5 3 2 1 4

0.000s - 26)
1 4 5 3 2
4 3 2 1 5
3 2 1 5 4
5 1 4 2 3
2 5 3 4 1

0.000s - 27)
1 2 5 3 4
4 5 1 2 3
3 1 4 5 2
5 3 2 4 1
2 4 3 1 5

0.003s - 28)
5 3 4 2 1
1 2 3 5 4
2 4 5 1 3
4 1 2 3 5
3 5 1 4 2

0.026s - 29)
5 1 3 4 2
3 2 5 1 4
1 4 2 5 3
2 5 4 3 1
4 3 1 2 5

0.018s - 30)
2 3 5 1 4
5 2 3 4 1
4 5 1 3 2
1 4 2 5 3
3 1 4 2 5

0.007s - 31)
5 3 1 2 4
3 2 5 4 1
2 1 4 5 3
1 4 2 3 5
4 5 3 1 2

0.013s - 32)
4 5 3 1 2
3 2 1 5 4
1 3 4 2 5
2 1 5 4 3
5 4 2 3 1

Numero de atribuicoes excede limite maximo
0.328s - 33)
2 6 1 5 4 3
0 0 3 6 0 0
3 4 5 2 6 1
5 2 0 1 3 0
6 1 4 3 2 5
1 5 6 4 0 2

Numero de atribuicoes excede limite maximo
0.313s - 34)
1 2 3 6 0 0
0 0 0 0 3 5
0 0 2 4 6 1
0 0 4 1 0 3
6 3 0 0 4 0
0 1 6 0 2 4

Numero de atribuicoes excede limite maximo
0.338s - 35)
3 2 4 5 1 0
0 0 0 3 5 4
6 0 0 0 0 0
0 4 0 6 0 0
0 0 0 0 0 0
0 0 0 1 0 0

Numero de atribuicoes excede limite maximo
0.361s - 36)
1 3 0 5 4 0
2 6 3 0 0 0
0 4 2 0 0 0
0 0 5 6 0 0
0 5 6 0 0 0
0 0 4 0 1 0

Numero de atribuicoes excede limite maximo
0.314s - 37)
3 1 2 5 4 6
0 0 0 0 0 4
5 6 4 0 3 0
1 0 0 2 0 0
6 0 0 3 5 2
2 5 0 6 1 0

0.036s - 38)
4 1 2 3 6 5
6 4 1 2 5 3
3 2 5 1 4 6
1 5 4 6 3 2
2 3 6 5 1 4
5 6 3 4 2 1

0.086s - 39)
5 3 1 6 2 4
3 4 6 1 5 2
4 2 5 3 1 6
2 5 3 4 6 1
6 1 4 2 3 5
1 6 2 5 4 3

Numero de atribuicoes excede limite maximo
0.336s - 40)
1 2 3 6 0 0
0 0 0 0 0 0
6 0 4 2 3 5
4 3 5 0 6 0
3 1 0 0 4 6
5 6 1 3 0 4

Numero de atribuicoes excede limite maximo
0.326s - 41)
2 1 5 0 0 4
0 0 1 0 4 0
3 0 4 5 2 0
0 0 0 3 6 1
0 5 0 2 1 0
0 0 2 0 5 0

Numero de atribuicoes excede limite maximo
0.327s - 42)
1 2 4 6 3 5
6 0 0 5 1 3
0 0 1 0 0 0
3 0 2 0 5 4
0 0 0 2 6 0
0 3 5 0 0 1

0.254s - 43)
3 1 4 5 6 2
1 2 6 4 5 3
4 5 3 1 2 6
6 4 5 2 3 1
5 3 2 6 1 4
2 6 1 3 4 5

0.004s - 44)
2 1 3 4 5 6
4 6 5 2 1 3
6 5 1 3 4 2
5 2 6 1 3 4
1 3 4 6 2 5
3 4 2 5 6 1

Numero de atribuicoes excede limite maximo
0.336s - 45)
4 1 3 5 2 6
0 5 0 4 0 2
3 2 5 0 6 4
0 3 0 1 0 0
2 0 6 3 4 0
0 6 0 0 1 3

0.038s - 46)
6 1 3 2 4 5
1 4 5 6 3 2
4 3 2 5 1 6
5 2 1 3 6 4
3 5 6 4 2 1
2 6 4 1 5 3

Numero de atribuicoes excede limite maximo
0.319s - 47)
1 2 6 3 0 0
5 4 3 0 6 0
0 0 0 0 2 0
0 3 5 1 4 2
2 0 1 6 0 3
3 0 0 4 0 1

Numero de atribuicoes excede limite maximo
0.326s - 48)
1 3 2 6 0 0
3 6 0 0 0 0
0 0 6 0 0 0
6 0 3 0 4 0
5 0 0 2 0 0
0 2 0 1 0 0

Numero de atribuicoes excede limite maximo
0.349s - 49)
2 3 4 5 1 7 0
0 4 0 0 2 1 5
4 6 0 3 7 0 0
6 0 2 1 3 0 4
1 0 3 7 6 4 0
3 1 0 2 0 5 6
0 0 7 4 5 0 3

Numero de atribuicoes excede limite maximo
0.349s - 50)
2 1 6 5 3 4 7
1 2 3 4 6 0 0
4 0 0 0 7 0 2
0 5 1 0 4 6 0
7 0 5 1 0 0 0
5 3 0 0 2 0 4
0 6 0 0 0 3 5

Numero de atribuicoes excede limite maximo
0.348s - 51)
1 2 3 4 7 0 6
2 1 4 5 0 3 0
0 7 6 0 4 0 1
0 3 7 0 1 4 0
3 0 1 2 6 0 0
4 5 0 6 2 0 3
7 0 2 0 0 6 4

Numero de atribuicoes excede limite maximo
0.336s - 52)
2 1 3 4 5 6 7
1 6 4 3 0 0 2
0 5 7 0 0 4 6
0 0 0 0 0 3 0
7 0 1 5 6 0 4
0 0 0 0 1 5 0
4 0 2 0 7 1 5

Numero de atribuicoes excede limite maximo
0.361s - 53)
2 1 4 3 6 5 7
3 4 1 5 0 6 2
4 0 0 0 0 7 6
7 0 6 0 4 3 0
1 2 0 4 5 0 0
0 0 3 0 2 4 0
6 5 7 0 3 0 0

Numero de atribuicoes excede limite maximo
0.348s - 54)
4 1 2 5 0 6 3
2 0 7 4 5 3 0
7 0 0 0 2 0 0
5 0 3 0 0 1 7
3 2 4 0 7 5 0
0 6 5 3 0 7 2
1 3 6 0 0 4 5

Numero de atribuicoes excede limite maximo
0.349s - 55)
1 2 3 5 0 4 6
2 3 5 0 7 0 0
6 0 0 4 3 1 0
7 1 0 6 5 2 3
3 7 0 1 6 5 0
0 0 4 2 0 0 7
4 5 7 0 2 0 1

Numero de atribuicoes excede limite maximo
0.358s - 56)
3 1 2 5 6 4 7
2 3 6 0 0 0 4
0 5 3 7 0 0 0
0 7 0 0 0 2 0
0 0 0 3 0 5 0
4 6 7 2 0 0 0
0 0 1 4 5 0 2

Numero de atribuicoes excede limite maximo
0.346s - 57)
3 2 1 4 5 6 7
1 4 5 0 3 7 6
2 1 6 0 4 0 0
0 0 4 0 0 0 0
7 5 3 6 1 4 0
0 0 0 1 0 0 4
0 0 0 5 0 0 3

Numero de atribuicoes excede limite maximo
0.348s - 58)
2 1 3 4 6 0 0
7 5 0 2 0 3 1
1 0 0 7 4 0 5
4 2 7 0 1 0 6
3 0 6 5 2 4 0
0 0 4 0 5 0 0
5 0 0 3 0 0 0

Numero de atribuicoes excede limite maximo
0.344s - 59)
1 2 3 5 6 4 7
2 1 4 3 5 7 6
3 5 0 2 0 6 1
0 0 6 0 0 5 0
4 0 0 0 0 0 5
0 6 7 1 0 2 0
6 0 1 7 0 0 2

Numero de atribuicoes excede limite maximo
0.344s - 60)
1 2 3 4 5 7 6
2 4 6 1 7 5 3
5 0 7 2 3 1 4
4 6 2 7 0 0 5
0 5 4 3 6 2 7
3 0 5 0 1 6 2
7 3 0 0 2 0 0

Numero de atribuicoes excede limite maximo
0.328s - 61)
7 1 2 3 4 5 6
1 3 0 4 6 0 0
0 0 6 2 0 1 4
3 0 7 0 5 0 0
0 7 1 0 0 4 0
0 4 3 5 0 2 0
6 2 0 0 3 7 1

Numero de atribuicoes excede limite maximo
0.348s - 62)
2 3 1 4 6 0 0
1 4 2 3 5 6 7
4 0 0 0 2 7 1
0 6 0 0 0 3 0
0 0 0 5 0 0 3
0 2 0 0 0 0 0
0 5 0 0 0 2 0

Numero de atribuicoes excede limite maximo
0.363s - 63)
1 3 2 5 0 4 6
2 4 1 3 6 5 7
6 0 4 0 0 1 0
0 0 3 1 7 0 2
0 0 5 0 4 0 3
0 2 0 6 0 3 0
7 0 0 0 3 0 5

Numero de atribuicoes excede limite maximo
0.357s - 64)
1 2 3 4 6 0 5
2 3 5 0 0 0 6
3 7 4 5 0 2 0
7 5 6 1 3 0 4
0 0 0 2 0 3 0
0 6 0 7 1 5 0
6 1 0 3 5 0 0

Numero de atribuicoes excede limite maximo
0.355s - 65)
7 3 1 4 2 5 6 8
1 2 3 6 5 0 4 7
2 5 0 1 3 4 7 6
3 6 0 0 8 7 1 2
0 8 4 7 0 0 5 0
6 1 8 3 0 0 0 4
0 0 0 5 7 0 0 1
0 0 5 2 0 1 8 0

Numero de atribuicoes excede limite maximo
0.378s - 66)
3 1 4 0 2 5 6 7
2 3 1 4 5 6 7 8
1 2 5 0 3 4 8 6
5 6 0 0 1 0 4 3
8 5 0 0 0 0 0 4
0 4 6 3 0 2 0 0
4 0 0 1 7 3 2 5
0 0 0 0 6 7 0 1

Numero de atribuicoes excede limite maximo
0.384s - 67)
7 1 2 3 4 5 8 0
3 4 1 2 5 7 0 0
2 5 3 4 0 6 7 1
0 6 5 7 2 4 1 8
4 8 0 0 0 0 0 6
0 0 7 0 0 2 4 5
0 2 6 5 7 1 3 0
6 3 0 0 0 8 0 4

Numero de atribuicoes excede limite maximo
0.372s - 68)
1 2 3 5 4 7 6 8
2 1 4 7 3 6 8 0
3 4 7 0 6 0 0 0
0 0 0 6 5 1 3 0
0 7 0 2 0 0 0 6
0 5 8 1 0 3 0 2
4 0 6 0 0 0 1 0
7 6 5 4 0 0 2 0

Numero de atribuicoes excede limite maximo
0.379s - 69)
1 2 3 4 5 6 7 8
2 1 4 5 3 7 8 6
4 5 2 1 7 8 3 0
6 3 0 7 0 0 0 0
8 0 0 0 0 0 0 7
0 0 5 3 1 0 6 2
0 6 0 0 8 0 0 0
7 8 6 2 0 5 0 0

Numero de atribuicoes excede limite maximo
0.373s - 70)
1 2 3 6 0 4 0 7
2 1 5 3 6 8 7 4
3 5 1 2 4 7 8 0
4 6 2 7 8 0 0 5
0 4 6 0 2 0 3 0
0 0 7 4 3 0 1 6
0 7 4 1 5 6 0 8
6 0 0 0 0 1 0 0

Numero de atribuicoes excede limite maximo
0.378s - 71)
1 2 3 7 5 0 4 8
3 4 8 2 0 0 0 7
0 1 6 3 2 4 7 5
4 3 7 0 0 2 5 1
2 6 0 0 3 8 1 0
0 8 0 1 0 0 0 0
0 7 0 0 0 0 0 6
5 0 2 0 1 6 3 0

Numero de atribuicoes excede limite maximo
0.371s - 72)
2 1 3 4 5 7 6 8
4 2 1 5 6 8 7 3
0 0 2 1 3 5 8 0
6 7 0 8 4 2 0 0
8 6 5 3 7 0 0 0
7 8 6 2 0 1 4 0
0 0 4 6 1 3 5 0
3 5 8 0 0 6 2 7

Numero de atribuicoes excede limite maximo
0.384s - 73)
1 2 3 6 4 5 7 8
2 5 1 3 7 0 0 4
6 0 4 0 8 1 2 5
3 1 2 5 0 4 8 6
0 0 0 7 0 0 0 0
0 7 6 8 2 0 0 1
0 6 5 0 0 3 1 0
5 0 7 2 3 8 0 0

Numero de atribuicoes excede limite maximo
0.400s - 74)
2 3 1 4 6 5 8 7
1 2 3 5 4 6 7 8
3 4 7 0 5 0 1 2
7 6 0 0 0 0 0 5
4 0 6 2 7 0 3 0
0 5 0 0 0 0 4 0
5 0 4 7 0 0 2 0
0 0 0 3 0 2 6 4

Numero de atribuicoes excede limite maximo
0.382s - 75)
4 3 1 2 5 6 8 7
1 4 2 5 6 0 3 8
2 7 6 1 8 3 0 5
6 5 0 4 0 0 7 0
0 0 4 0 0 1 0 6
0 0 7 3 4 5 0 2
0 2 0 6 3 0 4 0
8 0 5 0 7 2 0 4

Numero de atribuicoes excede limite maximo
0.384s - 76)
4 1 2 3 6 0 5 7
3 0 1 2 7 4 6 8
5 2 3 4 8 1 7 6
6 4 8 0 0 5 0 3
2 0 0 7 0 0 0 1
0 0 5 0 4 6 0 2
8 6 0 0 0 2 0 0
0 3 0 0 0 7 8 0

Numero de atribuicoes excede limite maximo
0.391s - 77)
1 2 4 5 6 7 3 8
2 3 1 4 5 6 8 0
3 4 2 1 7 8 5 6
5 0 0 0 1 4 0 2
4 5 0 7 0 0 1 0
0 6 5 0 4 2 7 0
0 0 8 0 0 3 2 7
0 8 0 0 0 0 0 4

Numero de atribuicoes excede limite maximo
0.414s - 78)
2 3 1 4 6 0 5 7
1 2 3 6 5 0 7 0
3 4 2 8 0 1 0 0
0 1 0 2 4 5 6 0
4 5 0 0 0 0 0 0
0 0 0 5 0 3 0 0
0 0 5 0 7 6 0 0
0 0 0 0 0 7 4 8

Numero de atribuicoes excede limite maximo
0.383s - 79)
1 2 3 5 0 4 6 7
3 1 2 6 7 5 8 0
2 3 4 1 8 0 0 0
6 0 5 0 4 8 0 1
0 8 7 2 0 1 0 5
4 5 0 0 0 3 7 0
0 4 6 8 1 0 3 0
5 7 8 3 0 6 2 0

Numero de atribuicoes excede limite maximo
0.408s - 80)
1 3 4 0 0 0 2 7
2 1 3 4 5 6 7 8
3 2 7 5 0 4 0 1
4 8 1 0 0 0 6 0
0 6 0 2 0 7 0 5
8 0 0 6 0 3 0 0
5 0 0 3 0 0 8 2
0 0 0 0 4 2 0 3

Numero de atribuicoes excede limite maximo
0.410s - 81)
7 2 1 4 0 3 5 6 8
3 6 4 1 2 5 7 9 0
1 3 2 5 4 6 8 7 9
2 1 7 6 0 4 3 8 0
4 5 3 9 0 0 0 0 0
6 9 0 0 3 2 0 0 0
8 7 6 0 0 9 0 0 0
0 0 0 7 0 0 0 0 5
0 4 5 0 7 0 0 0 0

Numero de atribuicoes excede limite maximo
0.402s - 82)
1 3 0 6 9 4 7 2 5
3 4 5 8 6 2 0 7 0
2 1 4 5 7 9 3 0 0
4 2 1 3 5 8 0 6 7
5 6 3 0 8 7 0 4 0
0 7 6 4 1 3 2 0 0
6 0 0 7 0 0 0 8 0
0 0 8 1 0 0 0 0 6
0 0 0 2 0 1 4 5 0

Numero de atribuicoes excede limite maximo
0.431s - 83)
1 2 4 0 3 5 6 7 9
2 1 5 0 4 3 7 8 0
5 3 6 2 1 8 0 9 0
4 0 1 3 2 6 9 5 0
0 0 7 4 6 0 8 2 1
9 0 0 5 0 0 0 0 0
8 9 3 7 0 0 0 0 5
0 0 0 6 0 0 2 0 8
0 4 0 9 0 1 0 0 3

Numero de atribuicoes excede limite maximo
0.379s - 84)
1 5 2 3 7 6 0 0 4
3 8 4 1 2 5 6 7 9
8 2 5 0 9 4 7 1 3
9 0 3 5 4 7 1 2 6
5 7 0 6 8 1 9 0 0
0 9 0 0 0 0 3 4 7
4 0 7 0 1 0 2 8 0
2 3 6 0 0 8 0 0 0
0 0 8 0 6 2 0 3 5

Numero de atribuicoes excede limite maximo
0.393s - 85)
1 2 3 8 5 6 7 4 9
2 5 0 4 1 3 8 0 6
3 1 2 6 4 5 9 7 8
4 9 1 3 2 8 6 5 0
0 0 5 0 7 0 1 3 2
0 8 0 0 3 0 4 6 0
6 3 0 0 0 0 0 0 5
0 7 0 5 0 0 3 0 0
0 4 8 0 6 0 5 2 0

Numero de atribuicoes excede limite maximo
0.402s - 86)
4 1 5 0 3 6 7 8 2
2 3 1 8 7 0 4 5 6
6 0 3 1 4 0 5 2 7
1 2 4 3 5 7 9 0 8
5 0 8 0 6 0 2 3 0
0 4 0 5 0 0 8 7 0
3 6 0 7 8 0 1 4 0
7 9 0 0 1 2 0 6 5
0 0 9 2 0 5 0 0 3

Numero de atribuicoes excede limite maximo
0.411s - 87)
1 4 2 5 8 6 7 3 9
2 3 1 4 5 7 8 6 0
3 1 4 2 6 8 9 5 7
5 0 0 6 2 3 1 7 0
4 5 3 7 0 0 0 0 2
9 0 0 0 7 2 3 0 5
0 2 0 0 0 0 0 4 0
0 7 0 8 4 0 0 0 6
0 0 7 0 9 0 0 0 4

Numero de atribuicoes excede limite maximo
0.421s - 88)
3 2 1 4 5 6 7 9 0
1 3 4 6 2 5 9 0 7
2 1 3 9 0 4 5 7 6
5 4 6 1 9 0 3 0 0
0 0 0 0 0 0 0 6 0
6 0 8 5 7 0 0 1 4
0 6 0 0 3 9 2 0 8
9 0 5 0 0 1 0 2 3
4 9 0 7 0 0 0 3 0

Numero de atribuicoes excede limite maximo
0.407s - 89)
5 3 4 1 8 7 2 6 9
1 2 3 5 4 6 7 9 0
2 1 6 3 9 5 0 4 0
3 4 1 6 5 8 0 7 2
0 0 0 0 6 1 5 0 3
0 0 0 8 0 0 0 0 7
0 7 0 0 2 3 1 0 4
8 0 5 2 7 0 3 0 6
0 5 0 7 0 0 4 0 8

Numero de atribuicoes excede limite maximo
0.394s - 90)
1 3 4 5 6 8 7 9 2
2 1 5 3 8 0 4 6 7
3 2 9 7 1 6 0 0 0
0 0 1 4 3 0 2 7 0
4 5 7 0 9 0 0 0 8
0 0 0 0 5 0 3 4 1
0 8 2 0 7 4 5 0 6
0 9 6 0 0 7 0 0 0
0 0 0 0 0 5 9 0 3

Numero de atribuicoes excede limite maximo
0.391s - 91)
1 3 8 2 4 7 6 9 5
2 8 1 3 6 0 4 5 7
3 1 5 4 2 9 0 8 6
6 2 7 5 8 1 9 0 4
5 4 2 1 3 6 8 0 9
0 0 0 9 0 0 1 0 3
0 9 4 0 5 0 2 7 1
9 0 0 0 0 0 0 1 2
0 0 3 7 9 4 0 2 8

Numero de atribuicoes excede limite maximo
0.378s - 92)
3 2 6 4 1 8 0 5 7
5 3 7 6 8 1 9 4 2
1 4 3 0 5 9 7 2 8
2 7 8 5 3 6 0 1 0
4 5 1 7 0 0 0 0 6
0 0 5 9 0 2 0 6 1
0 0 2 1 0 0 3 9 5
9 0 4 3 2 5 8 0 0
6 8 0 2 7 3 5 0 9

Numero de atribuicoes excede limite maximo
0.413s - 93)
2 1 3 4 5 6 7 9 0
3 2 5 0 1 8 0 4 6
4 3 1 2 8 0 5 6 0
0 4 6 1 2 7 8 5 3
1 5 4 3 7 2 0 0 8
9 6 2 0 4 1 0 0 0
8 0 0 0 3 5 0 0 7
0 9 0 7 0 0 6 3 5
6 7 9 5 0 3 4 0 1

Numero de atribuicoes excede limite maximo
0.390s - 94)
5 1 2 3 4 6 8 7 9
1 3 5 0 2 4 9 0 6
4 0 6 2 3 1 5 8 7
2 5 9 0 8 7 1 4 0
0 0 8 6 0 0 0 2 3
8 0 1 4 6 0 2 3 0
7 0 3 0 0 2 4 5 0
9 2 7 8 0 3 0 6 4
3 6 4 0 5 0 7 0 2

Numero de atribuicoes excede limite maximo
0.413s - 95)
1 2 3 7 5 0 4 8 6
2 1 4 3 7 5 6 9 8
6 0 0 1 8 2 3 5 0
3 4 5 8 0 0 0 2 1
4 5 8 6 3 7 0 0 9
0 6 2 0 0 0 0 0 0
0 0 6 0 1 4 0 3 0
5 0 0 0 6 0 9 0 0
9 0 0 5 0 0 2 0 0

Numero de atribuicoes excede limite maximo
0.452s - 96)
1 2 4 0 3 5 7 8 6
2 3 1 7 0 4 6 5 8
3 6 5 2 1 7 8 0 9
4 7 2 6 5 3 0 0 1
5 4 3 1 7 2 0 0 0
0 0 0 0 0 1 5 4 0
0 0 0 8 9 0 0 0 0
7 9 0 0 0 0 3 6 0
8 1 9 0 0 6 4 0 5

Numero de atribuicoes excede limite maximo
0.418s - 97)
2 1 3 5 6 4 7 8 9
3 2 4 0 5 1 6 9 7
4 3 1 6 2 7 0 5 8
0 4 5 7 8 2 3 6 1
1 5 9 0 3 0 0 0 4
6 0 0 3 0 0 0 4 2
0 7 0 0 9 0 1 0 5
0 6 0 4 0 0 0 3 0
0 0 7 2 4 8 0 0 0

Numero de atribuicoes excede limite maximo
0.398s - 98)
2 1 3 4 5 6 7 9 0
3 2 7 1 6 4 5 8 9
5 4 2 6 9 7 0 0 0
4 5 1 7 0 9 2 3 6
6 7 5 3 0 1 0 0 0
8 9 0 0 0 3 0 5 0
9 6 0 0 0 5 3 0 0
7 3 6 0 0 0 1 2 0
1 0 0 9 2 0 0 4 7

Numero de atribuicoes excede limite maximo
0.386s - 99)
1 5 4 2 6 3 7 8 9
7 2 1 3 4 6 0 5 8
2 6 3 4 1 5 8 9 7
4 0 2 1 7 0 5 3 6
6 3 0 8 5 9 0 4 0
0 0 5 9 0 0 3 0 2
5 4 0 7 8 2 0 6 0
0 0 7 5 2 8 0 0 3
8 9 0 6 0 0 1 2 0

Numero de atribuicoes excede limite maximo
0.411s - 100)
2 1 3 4 5 6 7 9 0
4 2 6 1 3 5 9 7 0
0 5 2 6 4 7 3 1 8
1 6 4 2 8 9 0 0 0
3 8 0 5 1 0 0 0 4
0 3 0 8 7 0 0 0 0
8 0 9 3 0 0 1 0 6
0 0 1 7 0 0 2 6 9
9 4 5 0 0 0 8 0 7

O numero total de falhas foi 63

real	0m24.114s
user	0m24.043s
sys	0m0.013s

